// Jest Snapshot v1, https://goo.gl/fbAQLP

exports[`HeaderCategories Test match snapshot HeaderCategories 1`] = `
<View
  style={
    Array [
      Object {
        "alignItems": "center",
        "backgroundColor": "#181D26",
        "flexDirection": "row",
        "height": 60,
        "marginBottom": 21.428571428571427,
        "paddingBottom": 0,
        "paddingLeft": 42.857142857142854,
        "paddingRight": 42.857142857142854,
        "paddingTop": 0,
      },
    ]
  }
>
  <View
    accessible={true}
    collapsable={false}
    focusable={true}
    nativeID="animatedComponent"
    onClick={[Function]}
    onResponderGrant={[Function]}
    onResponderMove={[Function]}
    onResponderRelease={[Function]}
    onResponderTerminate={[Function]}
    onResponderTerminationRequest={[Function]}
    onStartShouldSetResponder={[Function]}
    style={
      Object {
        "opacity": 1,
      }
    }
  >
    <Text
      allowFontScaling={false}
      style={
        Array [
          Object {
            "color": "#ffffff50",
            "fontSize": 32,
          },
          Array [
            Object {},
          ],
          Object {
            "fontFamily": "Material Design Icons",
            "fontStyle": "normal",
            "fontWeight": "normal",
          },
          Object {},
        ]
      }
    >
      з░гд
    </Text>
  </View>
  <TextInput
    autoCapitalize="none"
    autoCorrect={false}
    clearButtonMode="always"
    onChangeText={[Function]}
    placeholder="searchbar-placeholder"
    placeholderTextColor="#ffffff50"
    style={
      Array [
        Object {
          "backgroundColor": "#2B303A80",
          "borderRadius": 10.714285714285714,
          "color": "#ffffff",
          "flexBasis": 0,
          "flexGrow": 1,
          "flexShrink": 1,
          "marginLeft": 21.428571428571427,
          "paddingBottom": 21.428571428571427,
          "paddingLeft": 21.428571428571427,
          "paddingRight": 21.428571428571427,
          "paddingTop": 21.428571428571427,
        },
      ]
    }
  />
</View>
`;
