// Jest Snapshot v1, https://goo.gl/fbAQLP

exports[`EntryCategory Test match snapshot EntryCategory 1`] = `
<View
  style={
    Array [
      Object {
        "alignItems": "center",
        "borderBottomColor": "#E1E3E510",
        "borderBottomWidth": 1,
        "flexDirection": "row",
        "marginBottom": 0,
        "marginLeft": 42.857142857142854,
        "marginRight": 42.857142857142854,
        "marginTop": 21.428571428571427,
        "paddingBottom": 42.857142857142854,
      },
    ]
  }
>
  <View
    style={
      Array [
        Object {
          "justifyContent": "center",
        },
      ]
    }
  >
    <Text
      style={
        Array [
          Object {
            "color": "#ffffff50",
            "fontFamily": "Poppins-Regular",
            "fontSize": 28,
            "fontWeight": "400",
          },
        ]
      }
    >
      category
    </Text>
    <View
      accessible={true}
      collapsable={false}
      focusable={true}
      nativeID="animatedComponent"
      onClick={[Function]}
      onResponderGrant={[Function]}
      onResponderMove={[Function]}
      onResponderRelease={[Function]}
      onResponderTerminate={[Function]}
      onResponderTerminationRequest={[Function]}
      onStartShouldSetResponder={[Function]}
      style={
        Object {
          "alignItems": "center",
          "flexDirection": "row",
          "justifyContent": "center",
          "marginTop": 5,
          "opacity": 1,
        }
      }
    >
      <View
        color="#6F7D9B"
        large={true}
        style={
          Array [
            Object {
              "alignItems": "center",
              "backgroundColor": "#6F7D9B",
              "borderRadius": 25,
              "height": 50,
              "justifyContent": "center",
              "width": 50,
            },
          ]
        }
      >
        <Text
          allowFontScaling={false}
          style={
            Array [
              Object {
                "color": "#ffffff",
                "fontSize": 24,
              },
              Array [
                Object {},
              ],
              Object {
                "fontFamily": "Material Icons",
                "fontStyle": "normal",
                "fontWeight": "normal",
              },
              Object {},
            ]
          }
        >
          î¢–
        </Text>
      </View>
      <Text
        style={
          Array [
            Object {
              "color": "#ffffff",
              "fontFamily": "Poppins-Regular",
              "fontSize": 28,
              "fontWeight": "700",
              "paddingLeft": 21.428571428571427,
            },
          ]
        }
      >
        category-default
      </Text>
    </View>
  </View>
</View>
`;
