// Jest Snapshot v1, https://goo.gl/fbAQLP

exports[`EntriesList Test match snapshot EntriesList 1`] = `
<RCTScrollView
  data={
    Array [
      Object {
        "category": Object {
          "description": "Restaurante",
          "icon": "money",
          "id": 1,
        },
        "description": "Salário",
        "id": 1,
        "type": "earning",
        "value": 99.45,
      },
      Object {
        "category": Object {
          "description": "Restaurante",
          "icon": "money",
          "id": 1,
        },
        "description": "Pizza",
        "id": 2,
        "type": "earning",
        "value": 99.45,
      },
      Object {
        "category": Object {
          "description": "Restaurante",
          "icon": "money",
          "id": 1,
        },
        "description": "Hamburguer",
        "id": 3,
        "type": "earning",
        "value": 99.45,
      },
    ]
  }
  getItem={[Function]}
  getItemCount={[Function]}
  keyExtractor={[Function]}
  onContentSizeChange={[Function]}
  onLayout={[Function]}
  onMomentumScrollBegin={[Function]}
  onMomentumScrollEnd={[Function]}
  onScroll={[Function]}
  onScrollBeginDrag={[Function]}
  onScrollEndDrag={[Function]}
  removeClippedSubviews={false}
  renderItem={[Function]}
  scrollEventThrottle={50}
  stickyHeaderIndices={Array []}
  style={
    Array [
      Object {},
    ]
  }
  testID="entries-list"
  viewabilityConfigCallbackPairs={Array []}
>
  <View>
    <View
      onLayout={[Function]}
      style={null}
    >
      <View
        accessibilityHint="accessibility-button-hint"
        accessibilityLabel="accessibility-button"
        accessible={true}
        collapsable={false}
        focusable={true}
        nativeID="animatedComponent"
        onClick={[Function]}
        onResponderGrant={[Function]}
        onResponderMove={[Function]}
        onResponderRelease={[Function]}
        onResponderTerminate={[Function]}
        onResponderTerminationRequest={[Function]}
        onStartShouldSetResponder={[Function]}
        style={
          Object {
            "alignItems": "center",
            "backgroundColor": "#ffffff",
            "borderRadius": 21.428571428571427,
            "flexDirection": "row",
            "justifyContent": "space-between",
            "marginBottom": 10.714285714285714,
            "marginLeft": 42.857142857142854,
            "marginRight": 42.857142857142854,
            "marginTop": 10.714285714285714,
            "opacity": 1,
            "paddingBottom": 42.857142857142854,
            "paddingLeft": 21.428571428571427,
            "paddingRight": 21.428571428571427,
            "paddingTop": 42.857142857142854,
          }
        }
        testID="entry-item-button"
      >
        <View
          style={
            Array [
              Object {
                "marginRight": 21.428571428571427,
              },
            ]
          }
        >
          <Icon
            color="#464E5F"
            name="list"
            size={24}
            style={
              Array [
                Object {},
              ]
            }
          />
        </View>
        <View
          style={
            Array [
              Object {
                "flexBasis": 0,
                "flexGrow": 1,
                "flexShrink": 1,
              },
            ]
          }
        >
          <Text
            style={
              Array [
                Object {
                  "color": "#808080",
                  "fontFamily": "Poppins-Regular",
                  "fontSize": 36,
                  "fontWeight": "400",
                },
              ]
            }
          >
            Salário
          </Text>
          <Text
            style={
              Array [
                Object {
                  "color": "#808080",
                  "fontFamily": "Poppins-Regular",
                  "fontSize": 28,
                  "fontWeight": "400",
                },
              ]
            }
          >
            Restaurante
          </Text>
        </View>
        <Text
          isExpense={false}
          style={
            Array [
              Object {
                "color": "#50806A",
                "fontFamily": "Poppins-Regular",
                "fontSize": 28,
                "fontWeight": "700",
              },
            ]
          }
        >
          R$ 99,45
        </Text>
      </View>
    </View>
    <View
      onLayout={[Function]}
      style={null}
    >
      <View
        accessibilityHint="accessibility-button-hint"
        accessibilityLabel="accessibility-button"
        accessible={true}
        collapsable={false}
        focusable={true}
        nativeID="animatedComponent"
        onClick={[Function]}
        onResponderGrant={[Function]}
        onResponderMove={[Function]}
        onResponderRelease={[Function]}
        onResponderTerminate={[Function]}
        onResponderTerminationRequest={[Function]}
        onStartShouldSetResponder={[Function]}
        style={
          Object {
            "alignItems": "center",
            "backgroundColor": "#ffffff",
            "borderRadius": 21.428571428571427,
            "flexDirection": "row",
            "justifyContent": "space-between",
            "marginBottom": 10.714285714285714,
            "marginLeft": 42.857142857142854,
            "marginRight": 42.857142857142854,
            "marginTop": 10.714285714285714,
            "opacity": 1,
            "paddingBottom": 42.857142857142854,
            "paddingLeft": 21.428571428571427,
            "paddingRight": 21.428571428571427,
            "paddingTop": 42.857142857142854,
          }
        }
        testID="entry-item-button"
      >
        <View
          style={
            Array [
              Object {
                "marginRight": 21.428571428571427,
              },
            ]
          }
        >
          <Icon
            color="#464E5F"
            name="list"
            size={24}
            style={
              Array [
                Object {},
              ]
            }
          />
        </View>
        <View
          style={
            Array [
              Object {
                "flexBasis": 0,
                "flexGrow": 1,
                "flexShrink": 1,
              },
            ]
          }
        >
          <Text
            style={
              Array [
                Object {
                  "color": "#808080",
                  "fontFamily": "Poppins-Regular",
                  "fontSize": 36,
                  "fontWeight": "400",
                },
              ]
            }
          >
            Pizza
          </Text>
          <Text
            style={
              Array [
                Object {
                  "color": "#808080",
                  "fontFamily": "Poppins-Regular",
                  "fontSize": 28,
                  "fontWeight": "400",
                },
              ]
            }
          >
            Restaurante
          </Text>
        </View>
        <Text
          isExpense={false}
          style={
            Array [
              Object {
                "color": "#50806A",
                "fontFamily": "Poppins-Regular",
                "fontSize": 28,
                "fontWeight": "700",
              },
            ]
          }
        >
          R$ 99,45
        </Text>
      </View>
    </View>
    <View
      onLayout={[Function]}
      style={null}
    >
      <View
        accessibilityHint="accessibility-button-hint"
        accessibilityLabel="accessibility-button"
        accessible={true}
        collapsable={false}
        focusable={true}
        nativeID="animatedComponent"
        onClick={[Function]}
        onResponderGrant={[Function]}
        onResponderMove={[Function]}
        onResponderRelease={[Function]}
        onResponderTerminate={[Function]}
        onResponderTerminationRequest={[Function]}
        onStartShouldSetResponder={[Function]}
        style={
          Object {
            "alignItems": "center",
            "backgroundColor": "#ffffff",
            "borderRadius": 21.428571428571427,
            "flexDirection": "row",
            "justifyContent": "space-between",
            "marginBottom": 10.714285714285714,
            "marginLeft": 42.857142857142854,
            "marginRight": 42.857142857142854,
            "marginTop": 10.714285714285714,
            "opacity": 1,
            "paddingBottom": 42.857142857142854,
            "paddingLeft": 21.428571428571427,
            "paddingRight": 21.428571428571427,
            "paddingTop": 42.857142857142854,
          }
        }
        testID="entry-item-button"
      >
        <View
          style={
            Array [
              Object {
                "marginRight": 21.428571428571427,
              },
            ]
          }
        >
          <Icon
            color="#464E5F"
            name="list"
            size={24}
            style={
              Array [
                Object {},
              ]
            }
          />
        </View>
        <View
          style={
            Array [
              Object {
                "flexBasis": 0,
                "flexGrow": 1,
                "flexShrink": 1,
              },
            ]
          }
        >
          <Text
            style={
              Array [
                Object {
                  "color": "#808080",
                  "fontFamily": "Poppins-Regular",
                  "fontSize": 36,
                  "fontWeight": "400",
                },
              ]
            }
          >
            Hamburguer
          </Text>
          <Text
            style={
              Array [
                Object {
                  "color": "#808080",
                  "fontFamily": "Poppins-Regular",
                  "fontSize": 28,
                  "fontWeight": "400",
                },
              ]
            }
          >
            Restaurante
          </Text>
        </View>
        <Text
          isExpense={false}
          style={
            Array [
              Object {
                "color": "#50806A",
                "fontFamily": "Poppins-Regular",
                "fontSize": 28,
                "fontWeight": "700",
              },
            ]
          }
        >
          R$ 99,45
        </Text>
      </View>
    </View>
  </View>
</RCTScrollView>
`;
