// Jest Snapshot v1, https://goo.gl/fbAQLP

exports[`EntryItem Test match snapshot EntryItem 1`] = `
<View
  accessibilityHint="accessibility-button-hint"
  accessibilityLabel="accessibility-button"
  accessible={true}
  collapsable={false}
  focusable={true}
  nativeID="animatedComponent"
  onClick={[Function]}
  onResponderGrant={[Function]}
  onResponderMove={[Function]}
  onResponderRelease={[Function]}
  onResponderTerminate={[Function]}
  onResponderTerminationRequest={[Function]}
  onStartShouldSetResponder={[Function]}
  style={
    Object {
      "alignItems": "center",
      "backgroundColor": "#ffffff",
      "borderRadius": 21.428571428571427,
      "flexDirection": "row",
      "justifyContent": "space-between",
      "marginBottom": 10.714285714285714,
      "marginLeft": 42.857142857142854,
      "marginRight": 42.857142857142854,
      "marginTop": 10.714285714285714,
      "opacity": 1,
      "paddingBottom": 42.857142857142854,
      "paddingLeft": 21.428571428571427,
      "paddingRight": 21.428571428571427,
      "paddingTop": 42.857142857142854,
    }
  }
  testID="entry-item-button"
>
  <View
    style={
      Array [
        Object {
          "marginRight": 21.428571428571427,
        },
      ]
    }
  >
    <Icon
      color="#464E5F"
      name="list"
      size={24}
      style={
        Array [
          Object {},
        ]
      }
    />
  </View>
  <View
    style={
      Array [
        Object {
          "flexBasis": 0,
          "flexGrow": 1,
          "flexShrink": 1,
          "justifyContent": "center",
        },
      ]
    }
  >
    <Text
      style={
        Array [
          Object {
            "color": "#808080",
            "fontFamily": "Poppins-Regular",
            "fontSize": 36,
            "fontWeight": "400",
          },
        ]
      }
    >
      Sal√°rio
    </Text>
    <Text
      style={
        Array [
          Object {
            "color": "#808080",
            "fontFamily": "Poppins-Regular",
            "fontSize": 28,
            "fontWeight": "400",
          },
        ]
      }
    >
      Restaurante
    </Text>
  </View>
  <Text
    isExpense={false}
    style={
      Array [
        Object {
          "color": "#50806A",
          "fontFamily": "Poppins-Regular",
          "fontSize": 28,
          "fontWeight": "700",
        },
      ]
    }
  >
    R$ 99,45
  </Text>
</View>
`;
