// Jest Snapshot v1, https://goo.gl/fbAQLP

exports[`TabIcon Test match snapshot TabIcon 1`] = `
<Text
  allowFontScaling={false}
  style={
    Array [
      Object {
        "color": "#ffffff",
        "fontSize": 32,
      },
      Array [
        Object {},
      ],
      Object {
        "fontFamily": "Material Icons",
        "fontStyle": "normal",
        "fontWeight": "normal",
      },
      Object {},
    ]
  }
>
  î¢Š
</Text>
`;
