// Jest Snapshot v1, https://goo.gl/fbAQLP

exports[`EntryProvider Test match snapshot useEntry 1`] = `
<Text>
  Teste
</Text>
`;
